I'm sorry, but errors were detected in your script. Please correct the
errors listed below, and try again.


File "game/jamming.rpy", line 267: Line is indented, but the preceding show statement statement does not expect a block. Please check this line's indentation. You may have forgotten a colon (:).
    yoffset 0
    ^

Ren'Py Version: Ren'Py 8.1.1.23060707
Wed Aug  2 21:13:29 2023
